---
source: src/tests.rs
expression: "read_to_string(binding).unwrap().lines().skip(3).interleave_shortest(once(\"\\n\").cycle()).collect::<String>()"
input_file: test/src/shader_bindings/test_mod/test_mod_file.rs
---
pub fn create_shader_module(device: &wgpu::Device) -> wgpu::ShaderModule {
    let source = std::borrow::Cow::Borrowed(SOURCE);
    device
        .create_shader_module(wgpu::ShaderModuleDescriptor {
            label: None,
            source: wgpu::ShaderSource::Wgsl(source),
        })
}
pub fn create_pipeline_layout(device: &wgpu::Device) -> wgpu::PipelineLayout {
    device
        .create_pipeline_layout(
            &wgpu::PipelineLayoutDescriptor {
                label: None,
                bind_group_layouts: &[],
                push_constant_ranges: &[],
            },
        )
}
